client/src/pages/admin/ActivityLog.tsx(16,29): error TS2307: Cannot find module '@/hooks/use-debounce' or its corresponding type declarations.
client/src/pages/admin/ActivityLog.tsx(54,9): error TS2769: No overload matches this call.
  Overload 1 of 2, '(input: { limit?: number | undefined; offset?: number | undefined; adminId?: number | undefined; action?: string | undefined; entityType?: string | undefined; search?: string | undefined; } | typeof skipToken, opts: DefinedUseTRPCQueryOptions<...>): DefinedUseTRPCQueryResult<...>', gave the following error.
    Object literal may only specify known properties, and 'keepPreviousData' does not exist in type 'DefinedUseTRPCQueryOptions<{ logs: { id: number; adminId: number | null; action: string; entityType: string; entityId: number | null; details: unknown; ipAddress: string | null; userAgent: string | null; createdAt: Date; adminUsername: string | null; }[]; total: number; }, { ...; }, TRPCClientErrorLike<...>, { ...; }>'.
  Overload 2 of 2, '(input: { limit?: number | undefined; offset?: number | undefined; adminId?: number | undefined; action?: string | undefined; entityType?: string | undefined; search?: string | undefined; } | typeof skipToken, opts?: UseTRPCQueryOptions<...> | undefined): UseTRPCQueryResult<...>', gave the following error.
    Object literal may only specify known properties, and 'keepPreviousData' does not exist in type 'UseTRPCQueryOptions<{ logs: { id: number; adminId: number | null; action: string; entityType: string; entityId: number | null; details: unknown; ipAddress: string | null; userAgent: string | null; createdAt: Date; adminUsername: string | null; }[]; total: number; }, { ...; }, TRPCClientErrorLike<...>, { ...; }>'.
client/src/pages/Home.tsx(108,20): error TS2367: This comparison appears to be unintentional because the types 'Location' and 'string' have no overlap.
client/src/pages/Home.tsx(108,51): error TS2367: This comparison appears to be unintentional because the types 'Location' and 'string' have no overlap.
client/src/pages/Home.tsx(520,15): error TS2322: Type 'Language' is not assignable to type '"en" | "ko"'.
  Type '"de"' is not assignable to type '"en" | "ko"'.
server/_core/imageGeneration.ts(18,28): error TS2307: Cannot find module 'server/storage' or its corresponding type declarations.
server/db.ts(3,22): error TS7016: Could not find a declaration file for module 'pg'. 'C:/Users/julia/Documents/GitHub/patootie2-1/node_modules/pg/esm/index.mjs' implicitly has an 'any' type.
  Try `npm i --save-dev @types/pg` if it exists or add a new declaration (.d.ts) file containing `declare module 'pg';`
server/db.ts(55,25): error TS7006: Parameter 'err' implicitly has an 'any' type.
server/db.ts(331,7): error TS2322: Type 'SQL<unknown> | PgColumn<{ name: "id"; tableName: "contactSubmissions"; dataType: "number"; columnType: "PgInteger"; data: number; driverParam: string | number; notNull: true; hasDefault: true; isPrimaryKey: true; ... 5 more ...; generated: undefined; }, {}, {}> | ... 28 more ... | (() => Omit<...>)' is not assignable to type 'SQL<unknown>'.
  Type 'PgColumn<{ name: "id"; tableName: "contactSubmissions"; dataType: "number"; columnType: "PgInteger"; data: number; driverParam: string | number; notNull: true; hasDefault: true; isPrimaryKey: true; ... 5 more ...; generated: undefined; }, {}, {}>' is missing the following properties from type 'SQL<unknown>': queryChunks, shouldInlineParams, append, toQuery, and 6 more.
server/db.ts(331,58): error TS2345: Argument of type '{ id: number; status: string; email: string; createdAt: Date; service: string; subService: string | null; salutation: string; firstName: string; lastName: string; dateOfBirth: string; ... 14 more ...; userAgent: string | null; } | ... 29 more ... | (() => Omit<...>)' is not assignable to parameter of type 'SQLWrapper | AnyColumn'.
  Type '{ id: number; status: string; email: string; createdAt: Date; service: string; subService: string | null; salutation: string; firstName: string; lastName: string; dateOfBirth: string; phoneNumber: string; ... 13 more ...; userAgent: string | null; }' is not assignable to type 'SQLWrapper | AnyColumn'.
server/seed-admin.ts(3,16): error TS7016: Could not find a declaration file for module 'pg'. 'C:/Users/julia/Documents/GitHub/patootie2-1/node_modules/pg/esm/index.mjs' implicitly has an 'any' type.
  Try `npm i --save-dev @types/pg` if it exists or add a new declaration (.d.ts) file containing `declare module 'pg';`
